// Vitest Snapshot v1

exports[`BundleUpload > should have valid state after BundleUpload > $snapshot version 1 1`] = `
{
  "appId": "TEST",
  "createdAt": 1654819200000,
  "tag": "",
  "uploaderId": "TEST",
}
`;
